Archive member included to satisfy reference by file (symbol)

c:/Users/pahle/Documents/Research/ITCLab/COMMHARD/TINYRO/software/TINYRO_bsp/\libhal_bsp.a(alt_load.o)
                              c:/Users/pahle/Documents/Research/ITCLab/COMMHARD/TINYRO/software/TINYRO_bsp//obj/HAL/src/crt0.o (alt_load)
c:/Users/pahle/Documents/Research/ITCLab/COMMHARD/TINYRO/software/TINYRO_bsp/\libhal_bsp.a(alt_main.o)
                              c:/Users/pahle/Documents/Research/ITCLab/COMMHARD/TINYRO/software/TINYRO_bsp//obj/HAL/src/crt0.o (alt_main)
c:/Users/pahle/Documents/Research/ITCLab/COMMHARD/TINYRO/software/TINYRO_bsp/\libhal_bsp.a(alt_printf.o)
                              obj/default/hello_world_small.o (alt_printf)
c:/Users/pahle/Documents/Research/ITCLab/COMMHARD/TINYRO/software/TINYRO_bsp/\libhal_bsp.a(alt_putchar.o)
                              c:/Users/pahle/Documents/Research/ITCLab/COMMHARD/TINYRO/software/TINYRO_bsp/\libhal_bsp.a(alt_printf.o) (alt_putchar)
c:/Users/pahle/Documents/Research/ITCLab/COMMHARD/TINYRO/software/TINYRO_bsp/\libhal_bsp.a(alt_sys_init.o)
                              c:/Users/pahle/Documents/Research/ITCLab/COMMHARD/TINYRO/software/TINYRO_bsp/\libhal_bsp.a(alt_main.o) (alt_irq_init)
c:/Users/pahle/Documents/Research/ITCLab/COMMHARD/TINYRO/software/TINYRO_bsp/\libhal_bsp.a(altera_avalon_jtag_uart_write.o)
                              c:/Users/pahle/Documents/Research/ITCLab/COMMHARD/TINYRO/software/TINYRO_bsp/\libhal_bsp.a(alt_putchar.o) (altera_avalon_jtag_uart_write)
c:/Users/pahle/Documents/Research/ITCLab/COMMHARD/TINYRO/software/TINYRO_bsp/\libhal_bsp.a(alt_dcache_flush_all.o)
                              c:/Users/pahle/Documents/Research/ITCLab/COMMHARD/TINYRO/software/TINYRO_bsp/\libhal_bsp.a(alt_load.o) (alt_dcache_flush_all)
c:/Users/pahle/Documents/Research/ITCLab/COMMHARD/TINYRO/software/TINYRO_bsp/\libhal_bsp.a(alt_icache_flush_all.o)
                              c:/Users/pahle/Documents/Research/ITCLab/COMMHARD/TINYRO/software/TINYRO_bsp/\libhal_bsp.a(alt_load.o) (alt_icache_flush_all)
c:/Users/pahle/Documents/Research/ITCLab/COMMHARD/TINYRO/software/TINYRO_bsp/\libhal_bsp.a(altera_nios2_gen2_irq.o)
                              c:/Users/pahle/Documents/Research/ITCLab/COMMHARD/TINYRO/software/TINYRO_bsp/\libhal_bsp.a(alt_sys_init.o) (altera_nios2_gen2_irq_init)
c:/intelfpga_lite/22.1std/nios2eds/bin/gnu/h-x86_64-mingw32/bin/../lib/gcc/nios2-elf/12.2.1/../../../../../H-x86_64-mingw32/nios2-elf/lib/mno-hw-mul\libsmallc.a(lib_a-memcpy.o)
                              c:/Users/pahle/Documents/Research/ITCLab/COMMHARD/TINYRO/software/TINYRO_bsp/\libhal_bsp.a(alt_load.o) (memcpy)

Memory Configuration

Name             Origin             Length             Attributes
reset            0x0000000000004000 0x0000000000000020
onchip_ram       0x0000000000004020 0x0000000000003fe0
*default*        0x0000000000000000 0xffffffffffffffff

Linker script and memory map

LOAD c:/Users/pahle/Documents/Research/ITCLab/COMMHARD/TINYRO/software/TINYRO_bsp//obj/HAL/src/crt0.o
LOAD obj/default/hello_world_small.o
LOAD c:/intelfpga_lite/22.1std/nios2eds/bin/gnu/h-x86_64-mingw32/bin/../lib/gcc/nios2-elf/12.2.1/../../../../../H-x86_64-mingw32/nios2-elf/lib/mno-hw-mul\libstdc++.a
LOAD c:/intelfpga_lite/22.1std/nios2eds/bin/gnu/h-x86_64-mingw32/bin/../lib/gcc/nios2-elf/12.2.1/../../../../../H-x86_64-mingw32/nios2-elf/lib/mno-hw-mul\libm.a
LOAD c:/intelfpga_lite/22.1std/nios2eds/bin/gnu/h-x86_64-mingw32/bin/../lib/gcc/nios2-elf/12.2.1/mno-hw-mul\libgcc.a
START GROUP
LOAD c:/intelfpga_lite/22.1std/nios2eds/bin/gnu/h-x86_64-mingw32/bin/../lib/gcc/nios2-elf/12.2.1/../../../../../H-x86_64-mingw32/nios2-elf/lib/mno-hw-mul\libsmallc.a
LOAD c:/intelfpga_lite/22.1std/nios2eds/bin/gnu/h-x86_64-mingw32/bin/../lib/gcc/nios2-elf/12.2.1/mno-hw-mul\libgcc.a
LOAD c:/Users/pahle/Documents/Research/ITCLab/COMMHARD/TINYRO/software/TINYRO_bsp/\libhal_bsp.a
LOAD c:/intelfpga_lite/22.1std/nios2eds/bin/gnu/h-x86_64-mingw32/bin/../lib/gcc/nios2-elf/12.2.1/../../../../../H-x86_64-mingw32/nios2-elf/lib/mno-hw-mul\libm.a
END GROUP
LOAD c:/intelfpga_lite/22.1std/nios2eds/bin/gnu/h-x86_64-mingw32/bin/../lib/gcc/nios2-elf/12.2.1/mno-hw-mul\libgcc.a
                0x0000000000004000                __alt_mem_onchip_ram = 0x4000

.entry          0x0000000000004000       0x20
 *(.entry)
 .entry         0x0000000000004000       0x20 c:/Users/pahle/Documents/Research/ITCLab/COMMHARD/TINYRO/software/TINYRO_bsp//obj/HAL/src/crt0.o
                0x0000000000004000                __reset
                0x000000000000400c                _exit

.exceptions     0x0000000000004020        0x0
                0x0000000000004020                PROVIDE (__ram_exceptions_start = ABSOLUTE (.))
                0x0000000000004020                . = ALIGN (0x20)
 *(.irq)
 *(.exceptions.entry.label)
 *(.exceptions.entry.user)
 *(.exceptions.entry.ecc_fatal)
 *(.exceptions.entry)
 *(.exceptions.irqtest.user)
 *(.exceptions.irqtest)
 *(.exceptions.irqhandler.user)
 *(.exceptions.irqhandler)
 *(.exceptions.irqreturn.user)
 *(.exceptions.irqreturn)
 *(.exceptions.notirq.label)
 *(.exceptions.notirq.user)
 *(.exceptions.notirq)
 *(.exceptions.soft.user)
 *(.exceptions.soft)
 *(.exceptions.unknown.user)
 *(.exceptions.unknown)
 *(.exceptions.exit.label)
 *(.exceptions.exit.user)
 *(.exceptions.exit)
 *(.exceptions)
                0x0000000000004020                PROVIDE (__ram_exceptions_end = ABSOLUTE (.))
                0x0000000000004020                PROVIDE (__flash_exceptions_start = LOADADDR (.exceptions))

.text           0x0000000000004020      0x44c
                [!provide]                        PROVIDE (stext = ABSOLUTE (.))
 *(.interp)
 *(.hash)
 *(.dynsym)
 *(.dynstr)
 *(.gnu.version)
 *(.gnu.version_d)
 *(.gnu.version_r)
 *(.rel.init)
 *(.rela.init)
 *(.rel.text .rel.text.* .rel.gnu.linkonce.t.*)
 *(.rela.text .rela.text.* .rela.gnu.linkonce.t.*)
 *(.rel.fini)
 *(.rela.fini)
 *(.rel.rodata .rel.rodata.* .rel.gnu.linkonce.r.*)
 *(.rela.rodata .rela.rodata.* .rela.gnu.linkonce.r.*)
 *(.rel.data .rel.data.* .rel.gnu.linkonce.d.*)
 *(.rela.data .rela.data.* .rela.gnu.linkonce.d.*)
 *(.rel.tdata .rel.tdata.* .rel.gnu.linkonce.td.*)
 *(.rela.tdata .rela.tdata.* .rela.gnu.linkonce.td.*)
 *(.rel.tbss .rel.tbss.* .rel.gnu.linkonce.tb.*)
 *(.rela.tbss .rela.tbss.* .rela.gnu.linkonce.tb.*)
 *(.rel.ctors)
 *(.rela.ctors)
 *(.rel.dtors)
 *(.rela.dtors)
 *(.rel.got)
 *(.rela.got)
 *(.rel.sdata .rel.sdata.* .rel.gnu.linkonce.s.*)
 *(.rela.sdata .rela.sdata.* .rela.gnu.linkonce.s.*)
 *(.rel.sbss .rel.sbss.* .rel.gnu.linkonce.sb.*)
 *(.rela.sbss .rela.sbss.* .rela.gnu.linkonce.sb.*)
 *(.rel.sdata2 .rel.sdata2.* .rel.gnu.linkonce.s2.*)
 *(.rela.sdata2 .rela.sdata2.* .rela.gnu.linkonce.s2.*)
 *(.rel.sbss2 .rel.sbss2.* .rel.gnu.linkonce.sb2.*)
 *(.rela.sbss2 .rela.sbss2.* .rela.gnu.linkonce.sb2.*)
 *(.rel.bss .rel.bss.* .rel.gnu.linkonce.b.*)
 *(.rela.bss .rela.bss.* .rela.gnu.linkonce.b.*)
 *(.rel.plt)
 *(.rela.plt)
 *(.rel.dyn)
 *(.init)
 *(.plt)
 *(.text .stub .text.* .gnu.linkonce.t.*)
 .text          0x0000000000004020       0x3c c:/Users/pahle/Documents/Research/ITCLab/COMMHARD/TINYRO/software/TINYRO_bsp//obj/HAL/src/crt0.o
                0x0000000000004020                _start
 .text          0x000000000000405c       0x10 obj/default/hello_world_small.o
                0x000000000000405c                update_challenge
 .text.startup  0x000000000000406c      0x138 obj/default/hello_world_small.o
                0x000000000000406c                main
 .text          0x00000000000041a4       0x84 c:/Users/pahle/Documents/Research/ITCLab/COMMHARD/TINYRO/software/TINYRO_bsp/\libhal_bsp.a(alt_load.o)
                0x00000000000041a4                alt_load
 .text          0x0000000000004228       0x2c c:/Users/pahle/Documents/Research/ITCLab/COMMHARD/TINYRO/software/TINYRO_bsp/\libhal_bsp.a(alt_main.o)
                0x0000000000004228                alt_main
 .text          0x0000000000004254      0x144 c:/Users/pahle/Documents/Research/ITCLab/COMMHARD/TINYRO/software/TINYRO_bsp/\libhal_bsp.a(alt_printf.o)
                0x0000000000004254                alt_printf
 .text          0x0000000000004398       0x48 c:/Users/pahle/Documents/Research/ITCLab/COMMHARD/TINYRO/software/TINYRO_bsp/\libhal_bsp.a(alt_putchar.o)
                0x0000000000004398                alt_putchar
 .text          0x00000000000043e0       0x24 c:/Users/pahle/Documents/Research/ITCLab/COMMHARD/TINYRO/software/TINYRO_bsp/\libhal_bsp.a(alt_sys_init.o)
                0x00000000000043e0                alt_irq_init
                0x0000000000004400                alt_sys_init
 .text          0x0000000000004404       0x30 c:/Users/pahle/Documents/Research/ITCLab/COMMHARD/TINYRO/software/TINYRO_bsp/\libhal_bsp.a(altera_avalon_jtag_uart_write.o)
                0x0000000000004404                altera_avalon_jtag_uart_write
 .text          0x0000000000004434        0x4 c:/Users/pahle/Documents/Research/ITCLab/COMMHARD/TINYRO/software/TINYRO_bsp/\libhal_bsp.a(alt_dcache_flush_all.o)
                0x0000000000004434                alt_dcache_flush_all
 .text          0x0000000000004438        0x4 c:/Users/pahle/Documents/Research/ITCLab/COMMHARD/TINYRO/software/TINYRO_bsp/\libhal_bsp.a(alt_icache_flush_all.o)
                0x0000000000004438                alt_icache_flush_all
 .text          0x000000000000443c        0x8 c:/Users/pahle/Documents/Research/ITCLab/COMMHARD/TINYRO/software/TINYRO_bsp/\libhal_bsp.a(altera_nios2_gen2_irq.o)
                0x000000000000443c                altera_nios2_gen2_irq_init
 .text          0x0000000000004444        0x0 c:/intelfpga_lite/22.1std/nios2eds/bin/gnu/h-x86_64-mingw32/bin/../lib/gcc/nios2-elf/12.2.1/../../../../../H-x86_64-mingw32/nios2-elf/lib/mno-hw-mul\libsmallc.a(lib_a-memcpy.o)
 .text.memcpy   0x0000000000004444       0x28 c:/intelfpga_lite/22.1std/nios2eds/bin/gnu/h-x86_64-mingw32/bin/../lib/gcc/nios2-elf/12.2.1/../../../../../H-x86_64-mingw32/nios2-elf/lib/mno-hw-mul\libsmallc.a(lib_a-memcpy.o)
                0x0000000000004444                memcpy
 *(.gnu.warning.*)
 *(.fini)
                [!provide]                        PROVIDE (__etext = ABSOLUTE (.))
                [!provide]                        PROVIDE (_etext = ABSOLUTE (.))
                [!provide]                        PROVIDE (etext = ABSOLUTE (.))
 *(.eh_frame_hdr)
                0x000000000000446c                . = ALIGN (0x4)
                [!provide]                        PROVIDE (__preinit_array_start = ABSOLUTE (.))
 *(.preinit_array)
                [!provide]                        PROVIDE (__preinit_array_end = ABSOLUTE (.))
                [!provide]                        PROVIDE (__init_array_start = ABSOLUTE (.))
 *(.init_array)
                [!provide]                        PROVIDE (__init_array_end = ABSOLUTE (.))
                [!provide]                        PROVIDE (__fini_array_start = ABSOLUTE (.))
 *(.fini_array)
                [!provide]                        PROVIDE (__fini_array_end = ABSOLUTE (.))
 *(.eh_frame)
 *(.gcc_except_table .gcc_except_table.*)
 *(.dynamic)
                [!provide]                        PROVIDE (__CTOR_LIST__ = ABSOLUTE (.))
 *(.ctors)
 *(SORT_BY_NAME(.ctors.*))
                [!provide]                        PROVIDE (__CTOR_END__ = ABSOLUTE (.))
                [!provide]                        PROVIDE (__DTOR_LIST__ = ABSOLUTE (.))
 *(.dtors)
 *(SORT_BY_NAME(.dtors.*))
                [!provide]                        PROVIDE (__DTOR_END__ = ABSOLUTE (.))
 *(.jcr)
                0x000000000000446c                . = ALIGN (0x4)

.rodata         0x000000000000446c       0x1c
                0x000000000000446c                PROVIDE (__ram_rodata_start = ABSOLUTE (.))
                0x000000000000446c                . = ALIGN (0x4)
 *(.rodata .rodata.* .gnu.linkonce.r.*)
 .rodata.str1.4
                0x000000000000446c       0x1b obj/default/hello_world_small.o
 *(.rodata1)
                0x0000000000004488                . = ALIGN (0x4)
 *fill*         0x0000000000004487        0x1 
                0x0000000000004488                PROVIDE (__ram_rodata_end = ABSOLUTE (.))
                0x000000000000446c                PROVIDE (__flash_rodata_start = LOADADDR (.rodata))

.rwdata         0x0000000000004488        0x4 load address 0x000000000000448c
                0x0000000000004488                PROVIDE (__ram_rwdata_start = ABSOLUTE (.))
                0x0000000000004488                . = ALIGN (0x4)
 *(.got.plt)
 *(.got)
 *(.data1)
 *(.data .data.* .gnu.linkonce.d.*)
 .data          0x0000000000004488        0x0 c:/Users/pahle/Documents/Research/ITCLab/COMMHARD/TINYRO/software/TINYRO_bsp//obj/HAL/src/crt0.o
 .data          0x0000000000004488        0x0 obj/default/hello_world_small.o
 .data          0x0000000000004488        0x0 c:/Users/pahle/Documents/Research/ITCLab/COMMHARD/TINYRO/software/TINYRO_bsp/\libhal_bsp.a(alt_load.o)
 .data          0x0000000000004488        0x0 c:/Users/pahle/Documents/Research/ITCLab/COMMHARD/TINYRO/software/TINYRO_bsp/\libhal_bsp.a(alt_main.o)
 .data          0x0000000000004488        0x0 c:/Users/pahle/Documents/Research/ITCLab/COMMHARD/TINYRO/software/TINYRO_bsp/\libhal_bsp.a(alt_printf.o)
 .data          0x0000000000004488        0x0 c:/Users/pahle/Documents/Research/ITCLab/COMMHARD/TINYRO/software/TINYRO_bsp/\libhal_bsp.a(alt_putchar.o)
 .data          0x0000000000004488        0x0 c:/Users/pahle/Documents/Research/ITCLab/COMMHARD/TINYRO/software/TINYRO_bsp/\libhal_bsp.a(alt_sys_init.o)
 .data          0x0000000000004488        0x0 c:/Users/pahle/Documents/Research/ITCLab/COMMHARD/TINYRO/software/TINYRO_bsp/\libhal_bsp.a(altera_avalon_jtag_uart_write.o)
 .data          0x0000000000004488        0x0 c:/Users/pahle/Documents/Research/ITCLab/COMMHARD/TINYRO/software/TINYRO_bsp/\libhal_bsp.a(alt_dcache_flush_all.o)
 .data          0x0000000000004488        0x0 c:/Users/pahle/Documents/Research/ITCLab/COMMHARD/TINYRO/software/TINYRO_bsp/\libhal_bsp.a(alt_icache_flush_all.o)
 .data          0x0000000000004488        0x0 c:/Users/pahle/Documents/Research/ITCLab/COMMHARD/TINYRO/software/TINYRO_bsp/\libhal_bsp.a(altera_nios2_gen2_irq.o)
 .data          0x0000000000004488        0x0 c:/intelfpga_lite/22.1std/nios2eds/bin/gnu/h-x86_64-mingw32/bin/../lib/gcc/nios2-elf/12.2.1/../../../../../H-x86_64-mingw32/nios2-elf/lib/mno-hw-mul\libsmallc.a(lib_a-memcpy.o)
                0x000000000000c488                _gp = ABSOLUTE ((. + 0x8000))
                [!provide]                        PROVIDE (gp = _gp)
 *(.rwdata .rwdata.*)
 *(.sdata .sdata.* .gnu.linkonce.s.*)
 .sdata         0x0000000000004488        0x4 c:/Users/pahle/Documents/Research/ITCLab/COMMHARD/TINYRO/software/TINYRO_bsp/\libhal_bsp.a(alt_sys_init.o)
                0x0000000000004488                jtag_uart_0
 *(.sdata2 .sdata2.* .gnu.linkonce.s2.*)
                0x000000000000448c                . = ALIGN (0x4)
                0x000000000000448c                _edata = ABSOLUTE (.)
                [!provide]                        PROVIDE (edata = ABSOLUTE (.))
                0x000000000000448c                PROVIDE (__ram_rwdata_end = ABSOLUTE (.))
                0x000000000000448c                PROVIDE (__flash_rwdata_start = LOADADDR (.rwdata))

.bss            0x0000000000004490        0xc
                0x0000000000004490                __bss_start = ABSOLUTE (.)
                [!provide]                        PROVIDE (__sbss_start = ABSOLUTE (.))
                [!provide]                        PROVIDE (___sbss_start = ABSOLUTE (.))
 *(.dynsbss)
 *(.sbss .sbss.* .gnu.linkonce.sb.*)
 .sbss          0x0000000000004490        0xc c:/Users/pahle/Documents/Research/ITCLab/COMMHARD/TINYRO/software/TINYRO_bsp/\libhal_bsp.a(alt_main.o)
                0x0000000000004490                alt_envp
                0x0000000000004494                alt_argv
                0x0000000000004498                alt_argc
 *(.sbss2 .sbss2.* .gnu.linkonce.sb2.*)
 *(.scommon)
                [!provide]                        PROVIDE (__sbss_end = ABSOLUTE (.))
                [!provide]                        PROVIDE (___sbss_end = ABSOLUTE (.))
 *(.dynbss)
 *(.bss .bss.* .gnu.linkonce.b.*)
 .bss           0x000000000000449c        0x0 c:/Users/pahle/Documents/Research/ITCLab/COMMHARD/TINYRO/software/TINYRO_bsp//obj/HAL/src/crt0.o
 .bss           0x000000000000449c        0x0 obj/default/hello_world_small.o
 .bss           0x000000000000449c        0x0 c:/Users/pahle/Documents/Research/ITCLab/COMMHARD/TINYRO/software/TINYRO_bsp/\libhal_bsp.a(alt_load.o)
 .bss           0x000000000000449c        0x0 c:/Users/pahle/Documents/Research/ITCLab/COMMHARD/TINYRO/software/TINYRO_bsp/\libhal_bsp.a(alt_main.o)
 .bss           0x000000000000449c        0x0 c:/Users/pahle/Documents/Research/ITCLab/COMMHARD/TINYRO/software/TINYRO_bsp/\libhal_bsp.a(alt_printf.o)
 .bss           0x000000000000449c        0x0 c:/Users/pahle/Documents/Research/ITCLab/COMMHARD/TINYRO/software/TINYRO_bsp/\libhal_bsp.a(alt_putchar.o)
 .bss           0x000000000000449c        0x0 c:/Users/pahle/Documents/Research/ITCLab/COMMHARD/TINYRO/software/TINYRO_bsp/\libhal_bsp.a(alt_sys_init.o)
 .bss           0x000000000000449c        0x0 c:/Users/pahle/Documents/Research/ITCLab/COMMHARD/TINYRO/software/TINYRO_bsp/\libhal_bsp.a(altera_avalon_jtag_uart_write.o)
 .bss           0x000000000000449c        0x0 c:/Users/pahle/Documents/Research/ITCLab/COMMHARD/TINYRO/software/TINYRO_bsp/\libhal_bsp.a(alt_dcache_flush_all.o)
 .bss           0x000000000000449c        0x0 c:/Users/pahle/Documents/Research/ITCLab/COMMHARD/TINYRO/software/TINYRO_bsp/\libhal_bsp.a(alt_icache_flush_all.o)
 .bss           0x000000000000449c        0x0 c:/Users/pahle/Documents/Research/ITCLab/COMMHARD/TINYRO/software/TINYRO_bsp/\libhal_bsp.a(altera_nios2_gen2_irq.o)
 .bss           0x000000000000449c        0x0 c:/intelfpga_lite/22.1std/nios2eds/bin/gnu/h-x86_64-mingw32/bin/../lib/gcc/nios2-elf/12.2.1/../../../../../H-x86_64-mingw32/nios2-elf/lib/mno-hw-mul\libsmallc.a(lib_a-memcpy.o)
 *(COMMON)
                0x000000000000449c                . = ALIGN (0x4)
                0x000000000000449c                __bss_end = ABSOLUTE (.)

.onchip_ram     0x000000000000449c        0x0
                [!provide]                        PROVIDE (_alt_partition_onchip_ram_start = ABSOLUTE (.))
 *(.onchip_ram .onchip_ram. onchip_ram.*)
                0x000000000000449c                . = ALIGN (0x4)
                [!provide]                        PROVIDE (_alt_partition_onchip_ram_end = ABSOLUTE (.))
                0x000000000000449c                _end = ABSOLUTE (.)
                0x000000000000449c                end = ABSOLUTE (.)
                0x000000000000449c                __alt_stack_base = ABSOLUTE (.)
                [!provide]                        PROVIDE (_alt_partition_onchip_ram_load_addr = LOADADDR (.onchip_ram))

.stab
 *(.stab)

.stabstr
 *(.stabstr)

.stab.excl
 *(.stab.excl)

.stab.exclstr
 *(.stab.exclstr)

.stab.index
 *(.stab.index)

.stab.indexstr
 *(.stab.indexstr)

.comment        0x0000000000000000       0x2d
 *(.comment)
 .comment       0x0000000000000000       0x2d obj/default/hello_world_small.o
                                         0x2e (size before relaxing)
 .comment       0x000000000000002d       0x2e c:/Users/pahle/Documents/Research/ITCLab/COMMHARD/TINYRO/software/TINYRO_bsp/\libhal_bsp.a(alt_load.o)
 .comment       0x000000000000002d       0x2e c:/Users/pahle/Documents/Research/ITCLab/COMMHARD/TINYRO/software/TINYRO_bsp/\libhal_bsp.a(alt_main.o)
 .comment       0x000000000000002d       0x2e c:/Users/pahle/Documents/Research/ITCLab/COMMHARD/TINYRO/software/TINYRO_bsp/\libhal_bsp.a(alt_printf.o)
 .comment       0x000000000000002d       0x2e c:/Users/pahle/Documents/Research/ITCLab/COMMHARD/TINYRO/software/TINYRO_bsp/\libhal_bsp.a(alt_putchar.o)
 .comment       0x000000000000002d       0x2e c:/Users/pahle/Documents/Research/ITCLab/COMMHARD/TINYRO/software/TINYRO_bsp/\libhal_bsp.a(alt_sys_init.o)
 .comment       0x000000000000002d       0x2e c:/Users/pahle/Documents/Research/ITCLab/COMMHARD/TINYRO/software/TINYRO_bsp/\libhal_bsp.a(altera_avalon_jtag_uart_write.o)
 .comment       0x000000000000002d       0x2e c:/Users/pahle/Documents/Research/ITCLab/COMMHARD/TINYRO/software/TINYRO_bsp/\libhal_bsp.a(alt_dcache_flush_all.o)
 .comment       0x000000000000002d       0x2e c:/Users/pahle/Documents/Research/ITCLab/COMMHARD/TINYRO/software/TINYRO_bsp/\libhal_bsp.a(alt_icache_flush_all.o)
 .comment       0x000000000000002d       0x2e c:/Users/pahle/Documents/Research/ITCLab/COMMHARD/TINYRO/software/TINYRO_bsp/\libhal_bsp.a(altera_nios2_gen2_irq.o)
 .comment       0x000000000000002d       0x2e c:/intelfpga_lite/22.1std/nios2eds/bin/gnu/h-x86_64-mingw32/bin/../lib/gcc/nios2-elf/12.2.1/../../../../../H-x86_64-mingw32/nios2-elf/lib/mno-hw-mul\libsmallc.a(lib_a-memcpy.o)

.debug
 *(.debug)

.line
 *(.line)

.debug_srcinfo
 *(.debug_srcinfo)

.debug_sfnames
 *(.debug_sfnames)

.debug_aranges  0x0000000000000000      0x190
 *(.debug_aranges)
 .debug_aranges
                0x0000000000000000       0x28 c:/Users/pahle/Documents/Research/ITCLab/COMMHARD/TINYRO/software/TINYRO_bsp//obj/HAL/src/crt0.o
 .debug_aranges
                0x0000000000000028       0x28 obj/default/hello_world_small.o
 .debug_aranges
                0x0000000000000050       0x20 c:/Users/pahle/Documents/Research/ITCLab/COMMHARD/TINYRO/software/TINYRO_bsp/\libhal_bsp.a(alt_load.o)
 .debug_aranges
                0x0000000000000070       0x20 c:/Users/pahle/Documents/Research/ITCLab/COMMHARD/TINYRO/software/TINYRO_bsp/\libhal_bsp.a(alt_main.o)
 .debug_aranges
                0x0000000000000090       0x20 c:/Users/pahle/Documents/Research/ITCLab/COMMHARD/TINYRO/software/TINYRO_bsp/\libhal_bsp.a(alt_printf.o)
 .debug_aranges
                0x00000000000000b0       0x20 c:/Users/pahle/Documents/Research/ITCLab/COMMHARD/TINYRO/software/TINYRO_bsp/\libhal_bsp.a(alt_putchar.o)
 .debug_aranges
                0x00000000000000d0       0x20 c:/Users/pahle/Documents/Research/ITCLab/COMMHARD/TINYRO/software/TINYRO_bsp/\libhal_bsp.a(alt_sys_init.o)
 .debug_aranges
                0x00000000000000f0       0x20 c:/Users/pahle/Documents/Research/ITCLab/COMMHARD/TINYRO/software/TINYRO_bsp/\libhal_bsp.a(altera_avalon_jtag_uart_write.o)
 .debug_aranges
                0x0000000000000110       0x20 c:/Users/pahle/Documents/Research/ITCLab/COMMHARD/TINYRO/software/TINYRO_bsp/\libhal_bsp.a(alt_dcache_flush_all.o)
 .debug_aranges
                0x0000000000000130       0x20 c:/Users/pahle/Documents/Research/ITCLab/COMMHARD/TINYRO/software/TINYRO_bsp/\libhal_bsp.a(alt_icache_flush_all.o)
 .debug_aranges
                0x0000000000000150       0x20 c:/Users/pahle/Documents/Research/ITCLab/COMMHARD/TINYRO/software/TINYRO_bsp/\libhal_bsp.a(altera_nios2_gen2_irq.o)
 .debug_aranges
                0x0000000000000170       0x20 c:/intelfpga_lite/22.1std/nios2eds/bin/gnu/h-x86_64-mingw32/bin/../lib/gcc/nios2-elf/12.2.1/../../../../../H-x86_64-mingw32/nios2-elf/lib/mno-hw-mul\libsmallc.a(lib_a-memcpy.o)

.debug_pubnames
 *(.debug_pubnames)

.debug_info     0x0000000000000000      0xd9b
 *(.debug_info .gnu.linkonce.wi.*)
 .debug_info    0x0000000000000000       0x22 c:/Users/pahle/Documents/Research/ITCLab/COMMHARD/TINYRO/software/TINYRO_bsp//obj/HAL/src/crt0.o
 .debug_info    0x0000000000000022      0x21c obj/default/hello_world_small.o
 .debug_info    0x000000000000023e      0x239 c:/Users/pahle/Documents/Research/ITCLab/COMMHARD/TINYRO/software/TINYRO_bsp/\libhal_bsp.a(alt_load.o)
 .debug_info    0x0000000000000477      0x13e c:/Users/pahle/Documents/Research/ITCLab/COMMHARD/TINYRO/software/TINYRO_bsp/\libhal_bsp.a(alt_main.o)
 .debug_info    0x00000000000005b5      0x17e c:/Users/pahle/Documents/Research/ITCLab/COMMHARD/TINYRO/software/TINYRO_bsp/\libhal_bsp.a(alt_printf.o)
 .debug_info    0x0000000000000733      0x130 c:/Users/pahle/Documents/Research/ITCLab/COMMHARD/TINYRO/software/TINYRO_bsp/\libhal_bsp.a(alt_putchar.o)
 .debug_info    0x0000000000000863      0x127 c:/Users/pahle/Documents/Research/ITCLab/COMMHARD/TINYRO/software/TINYRO_bsp/\libhal_bsp.a(alt_sys_init.o)
 .debug_info    0x000000000000098a      0x149 c:/Users/pahle/Documents/Research/ITCLab/COMMHARD/TINYRO/software/TINYRO_bsp/\libhal_bsp.a(altera_avalon_jtag_uart_write.o)
 .debug_info    0x0000000000000ad3       0x8d c:/Users/pahle/Documents/Research/ITCLab/COMMHARD/TINYRO/software/TINYRO_bsp/\libhal_bsp.a(alt_dcache_flush_all.o)
 .debug_info    0x0000000000000b60       0x8d c:/Users/pahle/Documents/Research/ITCLab/COMMHARD/TINYRO/software/TINYRO_bsp/\libhal_bsp.a(alt_icache_flush_all.o)
 .debug_info    0x0000000000000bed       0x8d c:/Users/pahle/Documents/Research/ITCLab/COMMHARD/TINYRO/software/TINYRO_bsp/\libhal_bsp.a(altera_nios2_gen2_irq.o)
 .debug_info    0x0000000000000c7a      0x121 c:/intelfpga_lite/22.1std/nios2eds/bin/gnu/h-x86_64-mingw32/bin/../lib/gcc/nios2-elf/12.2.1/../../../../../H-x86_64-mingw32/nios2-elf/lib/mno-hw-mul\libsmallc.a(lib_a-memcpy.o)

.debug_abbrev   0x0000000000000000      0x8b3
 *(.debug_abbrev)
 .debug_abbrev  0x0000000000000000       0x12 c:/Users/pahle/Documents/Research/ITCLab/COMMHARD/TINYRO/software/TINYRO_bsp//obj/HAL/src/crt0.o
 .debug_abbrev  0x0000000000000012      0x146 obj/default/hello_world_small.o
 .debug_abbrev  0x0000000000000158      0x12c c:/Users/pahle/Documents/Research/ITCLab/COMMHARD/TINYRO/software/TINYRO_bsp/\libhal_bsp.a(alt_load.o)
 .debug_abbrev  0x0000000000000284       0xeb c:/Users/pahle/Documents/Research/ITCLab/COMMHARD/TINYRO/software/TINYRO_bsp/\libhal_bsp.a(alt_main.o)
 .debug_abbrev  0x000000000000036f      0x10d c:/Users/pahle/Documents/Research/ITCLab/COMMHARD/TINYRO/software/TINYRO_bsp/\libhal_bsp.a(alt_printf.o)
 .debug_abbrev  0x000000000000047c       0xca c:/Users/pahle/Documents/Research/ITCLab/COMMHARD/TINYRO/software/TINYRO_bsp/\libhal_bsp.a(alt_putchar.o)
 .debug_abbrev  0x0000000000000546      0x107 c:/Users/pahle/Documents/Research/ITCLab/COMMHARD/TINYRO/software/TINYRO_bsp/\libhal_bsp.a(alt_sys_init.o)
 .debug_abbrev  0x000000000000064d       0xdc c:/Users/pahle/Documents/Research/ITCLab/COMMHARD/TINYRO/software/TINYRO_bsp/\libhal_bsp.a(altera_avalon_jtag_uart_write.o)
 .debug_abbrev  0x0000000000000729       0x43 c:/Users/pahle/Documents/Research/ITCLab/COMMHARD/TINYRO/software/TINYRO_bsp/\libhal_bsp.a(alt_dcache_flush_all.o)
 .debug_abbrev  0x000000000000076c       0x43 c:/Users/pahle/Documents/Research/ITCLab/COMMHARD/TINYRO/software/TINYRO_bsp/\libhal_bsp.a(alt_icache_flush_all.o)
 .debug_abbrev  0x00000000000007af       0x43 c:/Users/pahle/Documents/Research/ITCLab/COMMHARD/TINYRO/software/TINYRO_bsp/\libhal_bsp.a(altera_nios2_gen2_irq.o)
 .debug_abbrev  0x00000000000007f2       0xc1 c:/intelfpga_lite/22.1std/nios2eds/bin/gnu/h-x86_64-mingw32/bin/../lib/gcc/nios2-elf/12.2.1/../../../../../H-x86_64-mingw32/nios2-elf/lib/mno-hw-mul\libsmallc.a(lib_a-memcpy.o)

.debug_line     0x0000000000000000      0x843
 *(.debug_line)
 .debug_line    0x0000000000000000       0x66 c:/Users/pahle/Documents/Research/ITCLab/COMMHARD/TINYRO/software/TINYRO_bsp//obj/HAL/src/crt0.o
 .debug_line    0x0000000000000066      0x1ca obj/default/hello_world_small.o
 .debug_line    0x0000000000000230       0xd2 c:/Users/pahle/Documents/Research/ITCLab/COMMHARD/TINYRO/software/TINYRO_bsp/\libhal_bsp.a(alt_load.o)
 .debug_line    0x0000000000000302       0xa2 c:/Users/pahle/Documents/Research/ITCLab/COMMHARD/TINYRO/software/TINYRO_bsp/\libhal_bsp.a(alt_main.o)
 .debug_line    0x00000000000003a4      0x177 c:/Users/pahle/Documents/Research/ITCLab/COMMHARD/TINYRO/software/TINYRO_bsp/\libhal_bsp.a(alt_printf.o)
 .debug_line    0x000000000000051b       0x82 c:/Users/pahle/Documents/Research/ITCLab/COMMHARD/TINYRO/software/TINYRO_bsp/\libhal_bsp.a(alt_putchar.o)
 .debug_line    0x000000000000059d       0x99 c:/Users/pahle/Documents/Research/ITCLab/COMMHARD/TINYRO/software/TINYRO_bsp/\libhal_bsp.a(alt_sys_init.o)
 .debug_line    0x0000000000000636       0x93 c:/Users/pahle/Documents/Research/ITCLab/COMMHARD/TINYRO/software/TINYRO_bsp/\libhal_bsp.a(altera_avalon_jtag_uart_write.o)
 .debug_line    0x00000000000006c9       0x4e c:/Users/pahle/Documents/Research/ITCLab/COMMHARD/TINYRO/software/TINYRO_bsp/\libhal_bsp.a(alt_dcache_flush_all.o)
 .debug_line    0x0000000000000717       0x4c c:/Users/pahle/Documents/Research/ITCLab/COMMHARD/TINYRO/software/TINYRO_bsp/\libhal_bsp.a(alt_icache_flush_all.o)
 .debug_line    0x0000000000000763       0x54 c:/Users/pahle/Documents/Research/ITCLab/COMMHARD/TINYRO/software/TINYRO_bsp/\libhal_bsp.a(altera_nios2_gen2_irq.o)
 .debug_line    0x00000000000007b7       0x8c c:/intelfpga_lite/22.1std/nios2eds/bin/gnu/h-x86_64-mingw32/bin/../lib/gcc/nios2-elf/12.2.1/../../../../../H-x86_64-mingw32/nios2-elf/lib/mno-hw-mul\libsmallc.a(lib_a-memcpy.o)

.debug_frame    0x0000000000000000      0x1fc
 *(.debug_frame)
 .debug_frame   0x0000000000000000       0x54 obj/default/hello_world_small.o
 .debug_frame   0x0000000000000054       0x2c c:/Users/pahle/Documents/Research/ITCLab/COMMHARD/TINYRO/software/TINYRO_bsp/\libhal_bsp.a(alt_load.o)
 .debug_frame   0x0000000000000080       0x2c c:/Users/pahle/Documents/Research/ITCLab/COMMHARD/TINYRO/software/TINYRO_bsp/\libhal_bsp.a(alt_main.o)
 .debug_frame   0x00000000000000ac       0x44 c:/Users/pahle/Documents/Research/ITCLab/COMMHARD/TINYRO/software/TINYRO_bsp/\libhal_bsp.a(alt_printf.o)
 .debug_frame   0x00000000000000f0       0x30 c:/Users/pahle/Documents/Research/ITCLab/COMMHARD/TINYRO/software/TINYRO_bsp/\libhal_bsp.a(alt_putchar.o)
 .debug_frame   0x0000000000000120       0x3c c:/Users/pahle/Documents/Research/ITCLab/COMMHARD/TINYRO/software/TINYRO_bsp/\libhal_bsp.a(alt_sys_init.o)
 .debug_frame   0x000000000000015c       0x20 c:/Users/pahle/Documents/Research/ITCLab/COMMHARD/TINYRO/software/TINYRO_bsp/\libhal_bsp.a(altera_avalon_jtag_uart_write.o)
 .debug_frame   0x000000000000017c       0x20 c:/Users/pahle/Documents/Research/ITCLab/COMMHARD/TINYRO/software/TINYRO_bsp/\libhal_bsp.a(alt_dcache_flush_all.o)
 .debug_frame   0x000000000000019c       0x20 c:/Users/pahle/Documents/Research/ITCLab/COMMHARD/TINYRO/software/TINYRO_bsp/\libhal_bsp.a(alt_icache_flush_all.o)
 .debug_frame   0x00000000000001bc       0x20 c:/Users/pahle/Documents/Research/ITCLab/COMMHARD/TINYRO/software/TINYRO_bsp/\libhal_bsp.a(altera_nios2_gen2_irq.o)
 .debug_frame   0x00000000000001dc       0x20 c:/intelfpga_lite/22.1std/nios2eds/bin/gnu/h-x86_64-mingw32/bin/../lib/gcc/nios2-elf/12.2.1/../../../../../H-x86_64-mingw32/nios2-elf/lib/mno-hw-mul\libsmallc.a(lib_a-memcpy.o)

.debug_str      0x0000000000000000      0x460
 *(.debug_str)
 .debug_str     0x0000000000000000       0x6b c:/Users/pahle/Documents/Research/ITCLab/COMMHARD/TINYRO/software/TINYRO_bsp//obj/HAL/src/crt0.o
 .debug_str     0x000000000000006b      0x128 obj/default/hello_world_small.o
                                        0x166 (size before relaxing)
 .debug_str     0x0000000000000193      0x119 c:/Users/pahle/Documents/Research/ITCLab/COMMHARD/TINYRO/software/TINYRO_bsp/\libhal_bsp.a(alt_load.o)
                                        0x208 (size before relaxing)
 .debug_str     0x00000000000002ac       0x4b c:/Users/pahle/Documents/Research/ITCLab/COMMHARD/TINYRO/software/TINYRO_bsp/\libhal_bsp.a(alt_main.o)
                                        0x138 (size before relaxing)
 .debug_str     0x00000000000002f7       0x44 c:/Users/pahle/Documents/Research/ITCLab/COMMHARD/TINYRO/software/TINYRO_bsp/\libhal_bsp.a(alt_printf.o)
                                         0xc1 (size before relaxing)
 .debug_str     0x000000000000033b       0x4a c:/Users/pahle/Documents/Research/ITCLab/COMMHARD/TINYRO/software/TINYRO_bsp/\libhal_bsp.a(alt_putchar.o)
                                        0x13e (size before relaxing)
 .debug_str     0x0000000000000385       0x5c c:/Users/pahle/Documents/Research/ITCLab/COMMHARD/TINYRO/software/TINYRO_bsp/\libhal_bsp.a(alt_sys_init.o)
                                        0x18a (size before relaxing)
 .debug_str     0x00000000000003e1        0x6 c:/Users/pahle/Documents/Research/ITCLab/COMMHARD/TINYRO/software/TINYRO_bsp/\libhal_bsp.a(altera_avalon_jtag_uart_write.o)
                                        0x15c (size before relaxing)
 .debug_str     0x00000000000003e7       0xfd c:/Users/pahle/Documents/Research/ITCLab/COMMHARD/TINYRO/software/TINYRO_bsp/\libhal_bsp.a(alt_dcache_flush_all.o)
 .debug_str     0x00000000000003e7       0xfd c:/Users/pahle/Documents/Research/ITCLab/COMMHARD/TINYRO/software/TINYRO_bsp/\libhal_bsp.a(alt_icache_flush_all.o)
 .debug_str     0x00000000000003e7      0x103 c:/Users/pahle/Documents/Research/ITCLab/COMMHARD/TINYRO/software/TINYRO_bsp/\libhal_bsp.a(altera_nios2_gen2_irq.o)
 .debug_str     0x00000000000003e7       0x79 c:/intelfpga_lite/22.1std/nios2eds/bin/gnu/h-x86_64-mingw32/bin/../lib/gcc/nios2-elf/12.2.1/../../../../../H-x86_64-mingw32/nios2-elf/lib/mno-hw-mul\libsmallc.a(lib_a-memcpy.o)
                                        0x115 (size before relaxing)

.debug_loc
 *(.debug_loc)

.debug_macinfo
 *(.debug_macinfo)

.debug_weaknames
 *(.debug_weaknames)

.debug_funcnames
 *(.debug_funcnames)

.debug_typenames
 *(.debug_typenames)

.debug_varnames
 *(.debug_varnames)

.debug_alt_sim_info
                0x0000000000000000       0x10
 *(.debug_alt_sim_info)
 .debug_alt_sim_info
                0x0000000000000000       0x10 c:/Users/pahle/Documents/Research/ITCLab/COMMHARD/TINYRO/software/TINYRO_bsp//obj/HAL/src/crt0.o
                0x0000000000008000                __alt_data_end = 0x8000
                0x0000000000008000                PROVIDE (__alt_stack_pointer = __alt_data_end)
                [!provide]                        PROVIDE (__alt_stack_limit = __alt_stack_base)
                [!provide]                        PROVIDE (__alt_heap_start = end)
                [!provide]                        PROVIDE (__alt_heap_limit = 0x8000)
OUTPUT(TINYRO.elf elf32-littlenios2)
LOAD linker stubs

.debug_ranges   0x0000000000000000       0x20
 .debug_ranges  0x0000000000000000       0x20 c:/Users/pahle/Documents/Research/ITCLab/COMMHARD/TINYRO/software/TINYRO_bsp//obj/HAL/src/crt0.o

.debug_loclists
                0x0000000000000000      0x3a5
 .debug_loclists
                0x0000000000000000       0xb8 obj/default/hello_world_small.o
 .debug_loclists
                0x00000000000000b8      0x180 c:/Users/pahle/Documents/Research/ITCLab/COMMHARD/TINYRO/software/TINYRO_bsp/\libhal_bsp.a(alt_printf.o)
 .debug_loclists
                0x0000000000000238       0x25 c:/Users/pahle/Documents/Research/ITCLab/COMMHARD/TINYRO/software/TINYRO_bsp/\libhal_bsp.a(alt_putchar.o)
 .debug_loclists
                0x000000000000025d       0x1e c:/Users/pahle/Documents/Research/ITCLab/COMMHARD/TINYRO/software/TINYRO_bsp/\libhal_bsp.a(alt_sys_init.o)
 .debug_loclists
                0x000000000000027b       0x5e c:/Users/pahle/Documents/Research/ITCLab/COMMHARD/TINYRO/software/TINYRO_bsp/\libhal_bsp.a(altera_avalon_jtag_uart_write.o)
 .debug_loclists
                0x00000000000002d9       0xcc c:/intelfpga_lite/22.1std/nios2eds/bin/gnu/h-x86_64-mingw32/bin/../lib/gcc/nios2-elf/12.2.1/../../../../../H-x86_64-mingw32/nios2-elf/lib/mno-hw-mul\libsmallc.a(lib_a-memcpy.o)

.debug_rnglists
                0x0000000000000000       0xae
 .debug_rnglists
                0x0000000000000000       0x61 obj/default/hello_world_small.o
 .debug_rnglists
                0x0000000000000061       0x23 c:/Users/pahle/Documents/Research/ITCLab/COMMHARD/TINYRO/software/TINYRO_bsp/\libhal_bsp.a(alt_load.o)
 .debug_rnglists
                0x0000000000000084       0x17 c:/Users/pahle/Documents/Research/ITCLab/COMMHARD/TINYRO/software/TINYRO_bsp/\libhal_bsp.a(alt_printf.o)
 .debug_rnglists
                0x000000000000009b       0x13 c:/intelfpga_lite/22.1std/nios2eds/bin/gnu/h-x86_64-mingw32/bin/../lib/gcc/nios2-elf/12.2.1/../../../../../H-x86_64-mingw32/nios2-elf/lib/mno-hw-mul\libsmallc.a(lib_a-memcpy.o)

.debug_line_str
                0x0000000000000000      0x562
 .debug_line_str
                0x0000000000000000      0x123 obj/default/hello_world_small.o
                                        0x194 (size before relaxing)
 .debug_line_str
                0x0000000000000123       0xa2 c:/Users/pahle/Documents/Research/ITCLab/COMMHARD/TINYRO/software/TINYRO_bsp/\libhal_bsp.a(alt_load.o)
                                        0x119 (size before relaxing)
 .debug_line_str
                0x00000000000001c5       0x4a c:/Users/pahle/Documents/Research/ITCLab/COMMHARD/TINYRO/software/TINYRO_bsp/\libhal_bsp.a(alt_main.o)
                                        0x118 (size before relaxing)
 .debug_line_str
                0x000000000000020f       0x7b c:/Users/pahle/Documents/Research/ITCLab/COMMHARD/TINYRO/software/TINYRO_bsp/\libhal_bsp.a(alt_printf.o)
                                        0x159 (size before relaxing)
 .debug_line_str
                0x000000000000028a       0x16 c:/Users/pahle/Documents/Research/ITCLab/COMMHARD/TINYRO/software/TINYRO_bsp/\libhal_bsp.a(alt_putchar.o)
                                         0xdc (size before relaxing)
 .debug_line_str
                0x00000000000002a0       0x4f c:/Users/pahle/Documents/Research/ITCLab/COMMHARD/TINYRO/software/TINYRO_bsp/\libhal_bsp.a(alt_sys_init.o)
                                        0x129 (size before relaxing)
 .debug_line_str
                0x00000000000002ef       0x38 c:/Users/pahle/Documents/Research/ITCLab/COMMHARD/TINYRO/software/TINYRO_bsp/\libhal_bsp.a(altera_avalon_jtag_uart_write.o)
                                        0x15c (size before relaxing)
 .debug_line_str
                0x0000000000000327       0x1f c:/Users/pahle/Documents/Research/ITCLab/COMMHARD/TINYRO/software/TINYRO_bsp/\libhal_bsp.a(alt_dcache_flush_all.o)
                                         0xf7 (size before relaxing)
 .debug_line_str
                0x0000000000000346       0x1f c:/Users/pahle/Documents/Research/ITCLab/COMMHARD/TINYRO/software/TINYRO_bsp/\libhal_bsp.a(alt_icache_flush_all.o)
                                         0xf7 (size before relaxing)
 .debug_line_str
                0x0000000000000365       0x20 c:/Users/pahle/Documents/Research/ITCLab/COMMHARD/TINYRO/software/TINYRO_bsp/\libhal_bsp.a(altera_nios2_gen2_irq.o)
                                         0xfa (size before relaxing)
 .debug_line_str
                0x0000000000000385      0x1dd c:/intelfpga_lite/22.1std/nios2eds/bin/gnu/h-x86_64-mingw32/bin/../lib/gcc/nios2-elf/12.2.1/../../../../../H-x86_64-mingw32/nios2-elf/lib/mno-hw-mul\libsmallc.a(lib_a-memcpy.o)
                                        0x2b3 (size before relaxing)
